Parsing + chunking /Users/seyednavidmirnourilangeroudi/Downloads/mabhas9-1402-08_260814_023938.pdf ...
  OCR page 1/652 (173 chars)
  OCR page 2/652 (0 chars)
  OCR page 3/652 (1678 chars)
  OCR page 4/652 (0 chars)
  OCR page 5/652 (828 chars)
  OCR page 6/652 (0 chars)
  OCR page 7/652 (1349 chars)
  OCR page 8/652 (0 chars)
  OCR page 9/652 (1378 chars)
  OCR page 10/652 (1240 chars)
  OCR page 11/652 (469 chars)
  OCR page 12/652 (610 chars)
  OCR page 13/652 (696 chars)
  OCR page 14/652 (605 chars)
  OCR page 15/652 (558 chars)
  OCR page 16/652 (656 chars)
  OCR page 17/652 (809 chars)
  OCR page 18/652 (800 chars)
  OCR page 19/652 (734 chars)
  OCR page 20/652 (912 chars)
  OCR page 21/652 (667 chars)
  OCR page 22/652 (84 chars)
  OCR page 23/652 (525 chars)
  OCR page 24/652 (1374 chars)
  OCR page 25/652 (1189 chars)
  OCR page 26/652 (1242 chars)
  OCR page 27/652 (985 chars)
  OCR page 28/652 (758 chars)
  OCR page 29/652 (1199 chars)
  OCR page 30/652 (0 chars)
  OCR page 31/652 (679 chars)
  OCR page 32/652 (1134 chars)
  OCR page 33/652 (1083 chars)
  OCR page 34/652 (1078 chars)
  OCR page 35/652 (981 chars)
  OCR page 36/652 (1117 chars)
  OCR page 37/652 (871 chars)
  OCR page 38/652 (915 chars)
  OCR page 39/652 (930 chars)
  OCR page 40/652 (857 chars)
  OCR page 41/652 (1246 chars)
  OCR page 42/652 (484 chars)
  OCR page 43/652 (854 chars)
  OCR page 44/652 (947 chars)
  OCR page 45/652 (1013 chars)
  OCR page 46/652 (768 chars)
  OCR page 47/652 (636 chars)
  OCR page 48/652 (1024 chars)
  OCR page 49/652 (878 chars)
  OCR page 50/652 (800 chars)
  OCR page 51/652 (986 chars)
  OCR page 52/652 (920 chars)
  OCR page 53/652 (934 chars)
  OCR page 54/652 (1276 chars)
  OCR page 55/652 (1001 chars)
  OCR page 56/652 (0 chars)
  OCR page 57/652 (1181 chars)
  OCR page 58/652 (1208 chars)
  OCR page 59/652 (1205 chars)
  OCR page 60/652 (1416 chars)
  OCR page 61/652 (1033 chars)
  OCR page 62/652 (885 chars)
  OCR page 63/652 (1094 chars)
  OCR page 64/652 (1110 chars)
  OCR page 65/652 (1127 chars)
  OCR page 66/652 (950 chars)
  OCR page 67/652 (1262 chars)
  OCR page 68/652 (1182 chars)
  OCR page 69/652 (1141 chars)
  OCR page 70/652 (1257 chars)
  OCR page 71/652 (1064 chars)
  OCR page 72/652 (1066 chars)
  OCR page 73/652 (1176 chars)
  OCR page 74/652 (1155 chars)
  OCR page 75/652 (1140 chars)
  OCR page 76/652 (0 chars)
  OCR page 77/652 (686 chars)
  OCR page 78/652 (814 chars)
  OCR page 79/652 (1041 chars)
  OCR page 80/652 (905 chars)
  OCR page 81/652 (720 chars)
  OCR page 82/652 (0 chars)
  OCR page 83/652 (549 chars)
  OCR page 84/652 (1042 chars)
  OCR page 85/652 (750 chars)
  OCR page 86/652 (927 chars)
  OCR page 87/652 (932 chars)
  OCR page 88/652 (943 chars)
  OCR page 89/652 (677 chars)
  OCR page 90/652 (1107 chars)
  OCR page 91/652 (1256 chars)
  OCR page 92/652 (1052 chars)
  OCR page 93/652 (841 chars)
  OCR page 94/652 (717 chars)
  OCR page 95/652 (503 chars)
  OCR page 96/652 (0 chars)
  OCR page 97/652 (568 chars)
  OCR page 98/652 (677 chars)
  OCR page 99/652 (1100 chars)
  OCR page 100/652 (650 chars)
  OCR page 101/652 (954 chars)
  OCR page 102/652 (767 chars)
  OCR page 103/652 (671 chars)
  OCR page 104/652 (955 chars)
  OCR page 105/652 (1112 chars)
  OCR page 106/652 (1153 chars)
  OCR page 107/652 (1026 chars)
  OCR page 108/652 (1123 chars)
  OCR page 109/652 (1112 chars)
  OCR page 110/652 (815 chars)
  OCR page 111/652 (751 chars)
  OCR page 112/652 (1195 chars)
  OCR page 113/652 (872 chars)
  OCR page 114/652 (509 chars)
  OCR page 115/652 (821 chars)
  OCR page 116/652 (980 chars)
  OCR page 117/652 (1138 chars)
  OCR page 118/652 (1031 chars)
  OCR page 119/652 (854 chars)
  OCR page 120/652 (874 chars)
  OCR page 121/652 (851 chars)
  OCR page 122/652 (219 chars)
  OCR page 123/652 (671 chars)
  OCR page 124/652 (1044 chars)
  OCR page 125/652 (921 chars)
  OCR page 126/652 (1414 chars)
  OCR page 127/652 (1169 chars)
  OCR page 128/652 (1100 chars)
  OCR page 129/652 (1010 chars)
  OCR page 130/652 (727 chars)
  OCR page 131/652 (1448 chars)
  OCR page 132/652 (594 chars)
  OCR page 133/652 (519 chars)
  OCR page 134/652 (768 chars)
  OCR page 135/652 (1128 chars)
  OCR page 136/652 (1115 chars)
  OCR page 137/652 (931 chars)
  OCR page 138/652 (772 chars)
  OCR page 139/652 (808 chars)
  OCR page 140/652 (864 chars)
  OCR page 141/652 (1178 chars)
  OCR page 142/652 (754 chars)
  OCR page 143/652 (1106 chars)
  OCR page 144/652 (1014 chars)
  OCR page 145/652 (909 chars)
  OCR page 146/652 (1293 chars)
  OCR page 147/652 (619 chars)
  OCR page 148/652 (409 chars)
  OCR page 149/652 (991 chars)
  OCR page 150/652 (941 chars)
  OCR page 151/652 (895 chars)
  OCR page 152/652 (862 chars)
  OCR page 153/652 (686 chars)
  OCR page 154/652 (1106 chars)
  OCR page 155/652 (1231 chars)
  OCR page 156/652 (880 chars)
  OCR page 157/652 (896 chars)
  OCR page 158/652 (727 chars)
  OCR page 159/652 (706 chars)
  OCR page 160/652 (1019 chars)
  OCR page 161/652 (578 chars)
  OCR page 162/652 (1091 chars)
  OCR page 163/652 (602 chars)
  OCR page 164/652 (0 chars)
  OCR page 165/652 (550 chars)
  OCR page 166/652 (891 chars)
  OCR page 167/652 (659 chars)
  OCR page 168/652 (739 chars)
  OCR page 169/652 (901 chars)
  OCR page 170/652 (713 chars)
  OCR page 171/652 (814 chars)
  OCR page 172/652 (796 chars)
  OCR page 173/652 (1352 chars)
  OCR page 174/652 (1135 chars)
  OCR page 175/652 (416 chars)
  OCR page 176/652 (0 chars)
  OCR page 177/652 (741 chars)
  OCR page 178/652 (591 chars)
  OCR page 179/652 (938 chars)
  OCR page 180/652 (883 chars)
  OCR page 181/652 (1378 chars)
  OCR page 182/652 (1081 chars)
  OCR page 183/652 (962 chars)
  OCR page 184/652 (1193 chars)
  OCR page 185/652 (1072 chars)
  OCR page 186/652 (1332 chars)
  OCR page 187/652 (1158 chars)
  OCR page 188/652 (1305 chars)
  OCR page 189/652 (1025 chars)
  OCR page 190/652 (1244 chars)
  OCR page 191/652 (1342 chars)
  OCR page 192/652 (463 chars)
  OCR page 193/652 (1330 chars)
  OCR page 194/652 (893 chars)
  OCR page 195/652 (975 chars)
  OCR page 196/652 (1158 chars)
  OCR page 197/652 (858 chars)
  OCR page 198/652 (1066 chars)
  OCR page 199/652 (1082 chars)
  OCR page 200/652 (818 chars)
  OCR page 201/652 (983 chars)
  OCR page 202/652 (380 chars)
  OCR page 203/652 (865 chars)
  OCR page 204/652 (1040 chars)
  OCR page 205/652 (905 chars)
  OCR page 206/652 (972 chars)
  OCR page 207/652 (917 chars)
  OCR page 208/652 (1186 chars)
  OCR page 209/652 (898 chars)
  OCR page 210/652 (827 chars)
  OCR page 211/652 (1332 chars)
  OCR page 212/652 (826 chars)
  OCR page 213/652 (466 chars)
  OCR page 214/652 (0 chars)
  OCR page 215/652 (716 chars)
  OCR page 216/652 (1261 chars)
  OCR page 217/652 (1063 chars)
  OCR page 218/652 (1070 chars)
  OCR page 219/652 (1206 chars)
  OCR page 220/652 (1184 chars)
  OCR page 221/652 (1338 chars)
  OCR page 222/652 (931 chars)
  OCR page 223/652 (791 chars)
  OCR page 224/652 (782 chars)
  OCR page 225/652 (1321 chars)
  OCR page 226/652 (1419 chars)
  OCR page 227/652 (1253 chars)
  OCR page 228/652 (1339 chars)
  OCR page 229/652 (1272 chars)
  OCR page 230/652 (984 chars)
  OCR page 231/652 (1016 chars)
  OCR page 232/652 (942 chars)
  OCR page 233/652 (1348 chars)
  OCR page 234/652 (1277 chars)
  OCR page 235/652 (922 chars)
  OCR page 236/652 (686 chars)
  OCR page 237/652 (463 chars)
  OCR page 238/652 (1052 chars)
  OCR page 239/652 (1003 chars)
  OCR page 240/652 (709 chars)
  OCR page 241/652 (1216 chars)
  OCR page 242/652 (1236 chars)
  OCR page 243/652 (1532 chars)
  OCR page 244/652 (865 chars)
  OCR page 245/652 (568 chars)
  OCR page 246/652 (0 chars)
  OCR page 247/652 (844 chars)
  OCR page 248/652 (1284 chars)
  OCR page 249/652 (877 chars)
  OCR page 250/652 (898 chars)
  OCR page 251/652 (964 chars)
  OCR page 252/652 (845 chars)
  OCR page 253/652 (735 chars)
  OCR page 254/652 (856 chars)
  OCR page 255/652 (1030 chars)
  OCR page 256/652 (1009 chars)
  OCR page 257/652 (1074 chars)
  OCR page 258/652 (775 chars)
  OCR page 259/652 (702 chars)
  OCR page 260/652 (0 chars)
  OCR page 261/652 (763 chars)
  OCR page 262/652 (641 chars)
  OCR page 263/652 (558 chars)
  OCR page 264/652 (1128 chars)
  OCR page 265/652 (1309 chars)
  OCR page 266/652 (997 chars)
  OCR page 267/652 (1185 chars)
  OCR page 268/652 (1363 chars)
  OCR page 269/652 (1225 chars)
  OCR page 270/652 (795 chars)
  OCR page 271/652 (1338 chars)
  OCR page 272/652 (1566 chars)
  OCR page 273/652 (434 chars)
  OCR page 274/652 (1020 chars)
  OCR page 275/652 (918 chars)
  OCR page 276/652 (1036 chars)
  OCR page 277/652 (1123 chars)
  OCR page 278/652 (1119 chars)
  OCR page 279/652 (1061 chars)
  OCR page 280/652 (1192 chars)
  OCR page 281/652 (1016 chars)
  OCR page 282/652 (1130 chars)
  OCR page 283/652 (756 chars)
  OCR page 284/652 (882 chars)
  OCR page 285/652 (918 chars)
  OCR page 286/652 (838 chars)
  OCR page 287/652 (887 chars)
  OCR page 288/652 (1192 chars)
  OCR page 289/652 (1229 chars)
  OCR page 290/652 (1084 chars)
  OCR page 291/652 (827 chars)
  OCR page 292/652 (1333 chars)
  OCR page 293/652 (325 chars)
  OCR page 294/652 (0 chars)
  OCR page 295/652 (499 chars)
  OCR page 296/652 (912 chars)
  OCR page 297/652 (1268 chars)
  OCR page 298/652 (972 chars)
  OCR page 299/652 (1055 chars)
  OCR page 300/652 (827 chars)
  OCR page 301/652 (903 chars)
  OCR page 302/652 (628 chars)
  OCR page 303/652 (705 chars)
  OCR page 304/652 (919 chars)
  OCR page 305/652 (972 chars)
  OCR page 306/652 (241 chars)
  OCR page 307/652 (841 chars)
  OCR page 308/652 (1091 chars)
  OCR page 309/652 (1326 chars)
  OCR page 310/652 (1319 chars)
  OCR page 311/652 (722 chars)
  OCR page 312/652 (610 chars)
  OCR page 313/652 (824 chars)
  OCR page 314/652 (1489 chars)
  OCR page 315/652 (914 chars)
  OCR page 316/652 (436 chars)
  OCR page 317/652 (1231 chars)
  OCR page 318/652 (615 chars)
  OCR page 319/652 (161 chars)
  OCR page 320/652 (394 chars)
  OCR page 321/652 (330 chars)
  OCR page 322/652 (813 chars)
  OCR page 323/652 (750 chars)
  OCR page 324/652 (708 chars)
  OCR page 325/652 (345 chars)
  OCR page 326/652 (216 chars)
  OCR page 327/652 (876 chars)
  OCR page 328/652 (902 chars)
  OCR page 329/652 (523 chars)
  OCR page 330/652 (1328 chars)
  OCR page 331/652 (1497 chars)
  OCR page 332/652 (692 chars)
  OCR page 333/652 (910 chars)
  OCR page 334/652 (1041 chars)
  OCR page 335/652 (542 chars)
  OCR page 336/652 (1036 chars)
  OCR page 337/652 (1200 chars)
  OCR page 338/652 (628 chars)
  OCR page 339/652 (856 chars)
  OCR page 340/652 (1479 chars)
  OCR page 341/652 (331 chars)
  OCR page 342/652 (352 chars)
  OCR page 343/652 (1168 chars)
  OCR page 344/652 (1186 chars)
  OCR page 345/652 (1063 chars)
  OCR page 346/652 (855 chars)
  OCR page 347/652 (804 chars)
  OCR page 348/652 (879 chars)
  OCR page 349/652 (1219 chars)
  OCR page 350/652 (1753 chars)
  OCR page 351/652 (979 chars)
  OCR page 352/652 (1109 chars)
  OCR page 353/652 (1444 chars)
  OCR page 354/652 (1188 chars)
  OCR page 355/652 (956 chars)
  OCR page 356/652 (999 chars)
  OCR page 357/652 (1030 chars)
  OCR page 358/652 (977 chars)
  OCR page 359/652 (635 chars)
  OCR page 360/652 (928 chars)
  OCR page 361/652 (866 chars)
  OCR page 362/652 (1007 chars)
  OCR page 363/652 (905 chars)
  OCR page 364/652 (820 chars)
  OCR page 365/652 (1184 chars)
  OCR page 366/652 (1080 chars)
  OCR page 367/652 (1098 chars)
  OCR page 368/652 (0 chars)
  OCR page 369/652 (816 chars)
  OCR page 370/652 (888 chars)
  OCR page 371/652 (1064 chars)
  OCR page 372/652 (1243 chars)
  OCR page 373/652 (1127 chars)
  OCR page 374/652 (1130 chars)
  OCR page 375/652 (1186 chars)
  OCR page 376/652 (995 chars)
  OCR page 377/652 (1042 chars)
  OCR page 378/652 (1397 chars)
  OCR page 379/652 (1147 chars)
  OCR page 380/652 (1381 chars)
  OCR page 381/652 (1185 chars)
  OCR page 382/652 (1186 chars)
  OCR page 383/652 (1032 chars)
  OCR page 384/652 (1394 chars)
  OCR page 385/652 (1351 chars)
  OCR page 386/652 (1435 chars)
  OCR page 387/652 (1000 chars)
  OCR page 388/652 (913 chars)
  OCR page 389/652 (1419 chars)
  OCR page 390/652 (1280 chars)
  OCR page 391/652 (914 chars)
  OCR page 392/652 (1393 chars)
  OCR page 393/652 (1253 chars)
  OCR page 394/652 (1148 chars)
  OCR page 395/652 (1379 chars)
  OCR page 396/652 (1074 chars)
  OCR page 397/652 (1214 chars)
  OCR page 398/652 (770 chars)
  OCR page 399/652 (1272 chars)
  OCR page 400/652 (1056 chars)
  OCR page 401/652 (741 chars)
  OCR page 402/652 (1342 chars)
  OCR page 403/652 (1436 chars)
  OCR page 404/652 (1271 chars)
  OCR page 405/652 (1480 chars)
  OCR page 406/652 (1679 chars)
  OCR page 407/652 (1705 chars)
  OCR page 408/652 (979 chars)
  OCR page 409/652 (1024 chars)
  OCR page 410/652 (1233 chars)
  OCR page 411/652 (1371 chars)
  OCR page 412/652 (1284 chars)
  OCR page 413/652 (519 chars)
  OCR page 414/652 (577 chars)
  OCR page 415/652 (1527 chars)
  OCR page 416/652 (541 chars)
  OCR page 417/652 (749 chars)
  OCR page 418/652 (784 chars)
  OCR page 419/652 (1131 chars)
  OCR page 420/652 (790 chars)
  OCR page 421/652 (1358 chars)
  OCR page 422/652 (1218 chars)
  OCR page 423/652 (1217 chars)
  OCR page 424/652 (1032 chars)
  OCR page 425/652 (1141 chars)
  OCR page 426/652 (1017 chars)
  OCR page 427/652 (1507 chars)
  OCR page 428/652 (1445 chars)
  OCR page 429/652 (1165 chars)
  OCR page 430/652 (1261 chars)
  OCR page 431/652 (1098 chars)
  OCR page 432/652 (1531 chars)
  OCR page 433/652 (1155 chars)
  OCR page 434/652 (1407 chars)
  OCR page 435/652 (1481 chars)
  OCR page 436/652 (1165 chars)
  OCR page 437/652 (1520 chars)
  OCR page 438/652 (1545 chars)
  OCR page 439/652 (1227 chars)
  OCR page 440/652 (271 chars)
  OCR page 441/652 (673 chars)
  OCR page 442/652 (875 chars)
  OCR page 443/652 (443 chars)
  OCR page 444/652 (954 chars)
  OCR page 445/652 (175 chars)
  OCR page 446/652 (1078 chars)
  OCR page 447/652 (1119 chars)
  OCR page 448/652 (442 chars)
  OCR page 449/652 (790 chars)
  OCR page 450/652 (703 chars)
  OCR page 451/652 (1312 chars)
  OCR page 452/652 (802 chars)
  OCR page 453/652 (864 chars)
  OCR page 454/652 (1077 chars)
  OCR page 455/652 (968 chars)
  OCR page 456/652 (1095 chars)
  OCR page 457/652 (866 chars)
  OCR page 458/652 (809 chars)
  OCR page 459/652 (814 chars)
  OCR page 460/652 (1033 chars)
  OCR page 461/652 (1040 chars)
  OCR page 462/652 (947 chars)
  OCR page 463/652 (1029 chars)
  OCR page 464/652 (1269 chars)
  OCR page 465/652 (1119 chars)
  OCR page 466/652 (1225 chars)
  OCR page 467/652 (492 chars)
  OCR page 468/652 (953 chars)
  OCR page 469/652 (1345 chars)
  OCR page 470/652 (853 chars)
  OCR page 471/652 (763 chars)
  OCR page 472/652 (419 chars)
  OCR page 473/652 (753 chars)
  OCR page 474/652 (736 chars)
  OCR page 475/652 (360 chars)
  OCR page 476/652 (700 chars)
  OCR page 477/652 (741 chars)
  OCR page 478/652 (1098 chars)
  OCR page 479/652 (967 chars)
  OCR page 480/652 (1010 chars)
  OCR page 481/652 (1065 chars)
  OCR page 482/652 (968 chars)
  OCR page 483/652 (1234 chars)
  OCR page 484/652 (1506 chars)
  OCR page 485/652 (1070 chars)
  OCR page 486/652 (1320 chars)
  OCR page 487/652 (1373 chars)
  OCR page 488/652 (1289 chars)
  OCR page 489/652 (1290 chars)
  OCR page 490/652 (1312 chars)
  OCR page 491/652 (1176 chars)
  OCR page 492/652 (844 chars)
  OCR page 493/652 (734 chars)
  OCR page 494/652 (1025 chars)
  OCR page 495/652 (877 chars)
  OCR page 496/652 (1038 chars)
  OCR page 497/652 (1283 chars)
  OCR page 498/652 (1115 chars)
  OCR page 499/652 (924 chars)
  OCR page 500/652 (1244 chars)
  OCR page 501/652 (1265 chars)
  OCR page 502/652 (1100 chars)
  OCR page 503/652 (1557 chars)
  OCR page 504/652 (942 chars)
  OCR page 505/652 (763 chars)
  OCR page 506/652 (277 chars)
  OCR page 507/652 (896 chars)
  OCR page 508/652 (1241 chars)
  OCR page 509/652 (1279 chars)
  OCR page 510/652 (1136 chars)
  OCR page 511/652 (582 chars)
  OCR page 512/652 (0 chars)
  OCR page 513/652 (722 chars)
  OCR page 514/652 (1187 chars)
  OCR page 515/652 (1335 chars)
  OCR page 516/652 (1004 chars)
  OCR page 517/652 (955 chars)
  OCR page 518/652 (1152 chars)
  OCR page 519/652 (1150 chars)
  OCR page 520/652 (877 chars)
Traceback (most recent call last):
  File "/Library/Frameworks/Python.framework/Versions/3.12/lib/python3.12/site-packages/httpx/_transports/default.py", line 101, in map_httpcore_exceptions
    yield
  File "/Library/Frameworks/Python.framework/Versions/3.12/lib/python3.12/site-packages/httpx/_transports/default.py", line 250, in handle_request
    resp = self._pool.handle_request(req)
           ^^^^^^^^^^^^^^^^^^^^^^^^^^^^^^
  File "/Library/Frameworks/Python.framework/Versions/3.12/lib/python3.12/site-packages/httpcore/_sync/connection_pool.py", line 256, in handle_request
    raise exc from None
  File "/Library/Frameworks/Python.framework/Versions/3.12/lib/python3.12/site-packages/httpcore/_sync/connection_pool.py", line 236, in handle_request
    response = connection.handle_request(
               ^^^^^^^^^^^^^^^^^^^^^^^^^^
  File "/Library/Frameworks/Python.framework/Versions/3.12/lib/python3.12/site-packages/httpcore/_sync/connection.py", line 103, in handle_request
    return self._connection.handle_request(request)
           ^^^^^^^^^^^^^^^^^^^^^^^^^^^^^^^^^^^^^^^^
  File "/Library/Frameworks/Python.framework/Versions/3.12/lib/python3.12/site-packages/httpcore/_sync/http11.py", line 136, in handle_request
    raise exc
  File "/Library/Frameworks/Python.framework/Versions/3.12/lib/python3.12/site-packages/httpcore/_sync/http11.py", line 88, in handle_request
    self._send_request_body(**kwargs)
  File "/Library/Frameworks/Python.framework/Versions/3.12/lib/python3.12/site-packages/httpcore/_sync/http11.py", line 159, in _send_request_body
    self._send_event(event, timeout=timeout)
  File "/Library/Frameworks/Python.framework/Versions/3.12/lib/python3.12/site-packages/httpcore/_sync/http11.py", line 166, in _send_event
    self._network_stream.write(bytes_to_send, timeout=timeout)
  File "/Library/Frameworks/Python.framework/Versions/3.12/lib/python3.12/site-packages/httpcore/_backends/sync.py", line 135, in write
    with map_exceptions(exc_map):
  File "/Library/Frameworks/Python.framework/Versions/3.12/lib/python3.12/contextlib.py", line 158, in __exit__
    self.gen.throw(value)
  File "/Library/Frameworks/Python.framework/Versions/3.12/lib/python3.12/site-packages/httpcore/_exceptions.py", line 14, in map_exceptions
    raise to_exc(exc) from exc
httpcore.WriteTimeout: The write operation timed out

The above exception was the direct cause of the following exception:

Traceback (most recent call last):
  File "/Library/Frameworks/Python.framework/Versions/3.12/lib/python3.12/site-packages/qdrant_client/http/api_client.py", line 137, in send_inner
    response = self._client.send(request)
               ^^^^^^^^^^^^^^^^^^^^^^^^^^
  File "/Library/Frameworks/Python.framework/Versions/3.12/lib/python3.12/site-packages/httpx/_client.py", line 914, in send
    response = self._send_handling_auth(
               ^^^^^^^^^^^^^^^^^^^^^^^^^
  File "/Library/Frameworks/Python.framework/Versions/3.12/lib/python3.12/site-packages/httpx/_client.py", line 942, in _send_handling_auth
    response = self._send_handling_redirects(
               ^^^^^^^^^^^^^^^^^^^^^^^^^^^^^^
  File "/Library/Frameworks/Python.framework/Versions/3.12/lib/python3.12/site-packages/httpx/_client.py", line 979, in _send_handling_redirects
    response = self._send_single_request(request)
               ^^^^^^^^^^^^^^^^^^^^^^^^^^^^^^^^^^
  File "/Library/Frameworks/Python.framework/Versions/3.12/lib/python3.12/site-packages/httpx/_client.py", line 1014, in _send_single_request
    response = transport.handle_request(request)
               ^^^^^^^^^^^^^^^^^^^^^^^^^^^^^^^^^
  File "/Library/Frameworks/Python.framework/Versions/3.12/lib/python3.12/site-packages/httpx/_transports/default.py", line 249, in handle_request
    with map_httpcore_exceptions():
  File "/Library/Frameworks/Python.framework/Versions/3.12/lib/python3.12/contextlib.py", line 158, in __exit__
    self.gen.throw(value)
  File "/Library/Frameworks/Python.framework/Versions/3.12/lib/python3.12/site-packages/httpx/_transports/default.py", line 118, in map_httpcore_exceptions
    raise mapped_exc(message) from exc
httpx.WriteTimeout: The write operation timed out

During handling of the above exception, another exception occurred:

Traceback (most recent call last):
  File "<frozen runpy>", line 198, in _run_module_as_main
  File "<frozen runpy>", line 88, in _run_code
  File "/Users/seyednavidmirnourilangeroudi/Downloads/persianRAG/persian_rag/ingest.py", line 80, in <module>
    main(args[0], ocr_enabled=ocr_enabled)
  File "/Users/seyednavidmirnourilangeroudi/Downloads/persianRAG/persian_rag/ingest.py", line 61, in main
    upsert_children(client, points)
  File "/Users/seyednavidmirnourilangeroudi/Downloads/persianRAG/persian_rag/vectorstore.py", line 47, in upsert_children
    client.upsert(collection_name=CFG.collection_name, points=qpoints, wait=True)
  File "/Library/Frameworks/Python.framework/Versions/3.12/lib/python3.12/site-packages/qdrant_client/qdrant_client.py", line 944, in upsert
    return self._client.upsert(
           ^^^^^^^^^^^^^^^^^^^^
  File "/Library/Frameworks/Python.framework/Versions/3.12/lib/python3.12/site-packages/qdrant_client/qdrant_remote.py", line 1181, in upsert
    http_result = self.openapi_client.points_api.upsert_points(
                  ^^^^^^^^^^^^^^^^^^^^^^^^^^^^^^^^^^^^^^^^^^^^^
  File "/Library/Frameworks/Python.framework/Versions/3.12/lib/python3.12/site-packages/qdrant_client/http/api/points_api.py", line 1056, in upsert_points
    return self._build_for_upsert_points(
           ^^^^^^^^^^^^^^^^^^^^^^^^^^^^^^
  File "/Library/Frameworks/Python.framework/Versions/3.12/lib/python3.12/site-packages/qdrant_client/http/api/points_api.py", line 542, in _build_for_upsert_points
    return self.api_client.request(
           ^^^^^^^^^^^^^^^^^^^^^^^^
  File "/Library/Frameworks/Python.framework/Versions/3.12/lib/python3.12/site-packages/qdrant_client/http/api_client.py", line 98, in request
    return self.send(request, type_)
           ^^^^^^^^^^^^^^^^^^^^^^^^^
  File "/Library/Frameworks/Python.framework/Versions/3.12/lib/python3.12/site-packages/qdrant_client/http/api_client.py", line 115, in send
    response = self.middleware(request, self.send_inner)
               ^^^^^^^^^^^^^^^^^^^^^^^^^^^^^^^^^^^^^^^^^
  File "/Library/Frameworks/Python.framework/Versions/3.12/lib/python3.12/site-packages/qdrant_client/http/api_client.py", line 152, in new_middleware
    return middleware(request, inner_send)
           ^^^^^^^^^^^^^^^^^^^^^^^^^^^^^^^
  File "/Library/Frameworks/Python.framework/Versions/3.12/lib/python3.12/site-packages/qdrant_client/context_headers.py", line 39, in rest_headers_middleware
    return call_next(request)
           ^^^^^^^^^^^^^^^^^^
  File "/Library/Frameworks/Python.framework/Versions/3.12/lib/python3.12/site-packages/qdrant_client/http/api_client.py", line 150, in inner_send
    return current_middleware(request, call_next)
           ^^^^^^^^^^^^^^^^^^^^^^^^^^^^^^^^^^^^^^
  File "/Library/Frameworks/Python.framework/Versions/3.12/lib/python3.12/site-packages/qdrant_client/http/api_client.py", line 253, in __call__
    return call_next(request)
           ^^^^^^^^^^^^^^^^^^
  File "/Library/Frameworks/Python.framework/Versions/3.12/lib/python3.12/site-packages/qdrant_client/http/api_client.py", line 139, in send_inner
    raise ResponseHandlingException(e)
qdrant_client.http.exceptions.ResponseHandlingException: The write operation timed out
  OCR page 521/652 (958 chars)
  OCR page 522/652 (673 chars)
  OCR page 523/652 (870 chars)
  OCR page 524/652 (505 chars)
  OCR page 525/652 (580 chars)
  OCR page 526/652 (665 chars)
  OCR page 527/652 (1026 chars)
  OCR page 528/652 (771 chars)
  OCR page 529/652 (1798 chars)
  OCR page 530/652 (528 chars)
  OCR page 531/652 (1174 chars)
  OCR page 532/652 (1146 chars)
  OCR page 533/652 (1192 chars)
  OCR page 534/652 (1099 chars)
  OCR page 535/652 (921 chars)
  OCR page 536/652 (1360 chars)
  OCR page 537/652 (1175 chars)
  OCR page 538/652 (913 chars)
  OCR page 539/652 (1040 chars)
  OCR page 540/652 (1006 chars)
  OCR page 541/652 (1089 chars)
  OCR page 542/652 (465 chars)
  OCR page 543/652 (640 chars)
  OCR page 544/652 (982 chars)
  OCR page 545/652 (1003 chars)
  OCR page 546/652 (1619 chars)
  OCR page 547/652 (146 chars)
  OCR page 548/652 (0 chars)
  OCR page 549/652 (538 chars)
  OCR page 550/652 (492 chars)
  OCR page 551/652 (962 chars)
  OCR page 552/652 (1410 chars)
  OCR page 553/652 (1200 chars)
  OCR page 554/652 (1116 chars)
  OCR page 555/652 (772 chars)
  OCR page 556/652 (1003 chars)
  OCR page 557/652 (708 chars)
  OCR page 558/652 (787 chars)
  OCR page 559/652 (113 chars)
  OCR page 560/652 (585 chars)
  OCR page 561/652 (1297 chars)
  OCR page 562/652 (1222 chars)
  OCR page 563/652 (471 chars)
  OCR page 564/652 (1036 chars)
  OCR page 565/652 (260 chars)
  OCR page 566/652 (751 chars)
  OCR page 567/652 (823 chars)
  OCR page 568/652 (935 chars)
  OCR page 569/652 (1285 chars)
  OCR page 570/652 (1055 chars)
  OCR page 571/652 (1494 chars)
  OCR page 572/652 (0 chars)
  OCR page 573/652 (806 chars)
  OCR page 574/652 (263 chars)
  OCR page 575/652 (745 chars)
  OCR page 576/652 (1245 chars)
  OCR page 577/652 (1181 chars)
  OCR page 578/652 (252 chars)
  OCR page 579/652 (1137 chars)
  OCR page 580/652 (617 chars)
  OCR page 581/652 (252 chars)
  OCR page 582/652 (564 chars)
  OCR page 583/652 (1132 chars)
  OCR page 584/652 (368 chars)
  OCR page 585/652 (1224 chars)
  OCR page 586/652 (482 chars)
  OCR page 587/652 (486 chars)
  OCR page 588/652 (1144 chars)
  OCR page 589/652 (561 chars)
  OCR page 590/652 (406 chars)
  OCR page 591/652 (437 chars)
  OCR page 592/652 (558 chars)
  OCR page 593/652 (1154 chars)
  OCR page 594/652 (867 chars)
  OCR page 595/652 (1105 chars)
  OCR page 596/652 (0 chars)
  OCR page 597/652 (718 chars)
  OCR page 598/652 (964 chars)
  OCR page 599/652 (828 chars)
  OCR page 600/652 (380 chars)
  OCR page 601/652 (1060 chars)
  OCR page 602/652 (564 chars)
  OCR page 603/652 (382 chars)
  OCR page 604/652 (0 chars)
  OCR page 605/652 (590 chars)
  OCR page 606/652 (935 chars)
  OCR page 607/652 (751 chars)
  OCR page 608/652 (944 chars)
  OCR page 609/652 (230 chars)
  OCR page 610/652 (49 chars)
  OCR page 611/652 (67 chars)
  OCR page 612/652 (58 chars)
  OCR page 613/652 (103 chars)
  OCR page 614/652 (0 chars)
  OCR page 615/652 (838 chars)
  OCR page 616/652 (1279 chars)
  OCR page 617/652 (286 chars)
  OCR page 618/652 (612 chars)
  OCR page 619/652 (576 chars)
  OCR page 620/652 (321 chars)
  OCR page 621/652 (215 chars)
  OCR page 622/652 (513 chars)
  OCR page 623/652 (323 chars)
  OCR page 624/652 (419 chars)
  OCR page 625/652 (335 chars)
  OCR page 626/652 (706 chars)
  OCR page 627/652 (616 chars)
  OCR page 628/652 (580 chars)
  OCR page 629/652 (903 chars)
  OCR page 630/652 (396 chars)
  OCR page 631/652 (644 chars)
  OCR page 632/652 (165 chars)
  OCR page 633/652 (410 chars)
  OCR page 634/652 (226 chars)
  OCR page 635/652 (195 chars)
  OCR page 636/652 (296 chars)
  OCR page 637/652 (232 chars)
  OCR page 638/652 (282 chars)
  OCR page 639/652 (60 chars)
  OCR page 640/652 (99 chars)
  OCR page 641/652 (314 chars)
  OCR page 642/652 (797 chars)
  OCR page 643/652 (701 chars)
  OCR page 644/652 (159 chars)
  OCR page 645/652 (665 chars)
  OCR page 646/652 (805 chars)
  OCR page 647/652 (741 chars)
  OCR page 648/652 (717 chars)
  OCR page 649/652 (883 chars)
  OCR page 650/652 (771 chars)
  OCR page 651/652 (864 chars)
  OCR page 652/652 (397 chars)
  79 parent chunks, 533 child chunks
Saving parent chunks to sqlite ...
Fitting BM25 vocabulary over child chunks ...
Connecting to Qdrant ...
Embedding + upserting children in batches ...
  embedding API unavailable (batch 1, HTTP 451), retrying in 20s (attempt 1/6)
  embedding API unavailable (batch 1, HTTP 451), retrying in 40s (attempt 2/6)
  embedding API unavailable (batch 1, HTTP 451), retrying in 80s (attempt 3/6)
